// Jest Snapshot v1, https://goo.gl/fbAQLP

exports[`<Button /> Should match snapshot 1`] = `
<div
  class="button-container"
>
  <button
    class="button"
  >
    Load more
  </button>
</div>
`;
